{
  "images": [
    "SPRITES",
    "SHIELD",
    "ATTR1",
    "HEAD",
    "BODY"
  ],
  "animationAttributes": {
    "loop": true,
    "continuous": true
  },
  "spriteAttributes": {},
  "sprites": {
    "0": [
      0,
      "0",
      "0",
      "24",
      "12"
    ],
    "10": [
      1,
      "0",
      "0",
      "6",
      "18"
    ],
    "11": [
      1,
      "6",
      "0",
      "8",
      "20"
    ],
    "12": [
      1,
      "14",
      "0",
      "16",
      "20"
    ],
    "13": [
      1,
      "30",
      "0",
      "8",
      "20"
    ],
    "40": [
      2,
      "0",
      "0",
      "48",
      "48"
    ],
    "41": [
      2,
      "48",
      "0",
      "48",
      "48"
    ],
    "42": [
      2,
      "96",
      "0",
      "48",
      "48"
    ],
    "43": [
      2,
      "144",
      "0",
      "48",
      "48"
    ],
    "44": [
      2,
      "0",
      "48",
      "48",
      "48"
    ],
    "45": [
      2,
      "48",
      "48",
      "48",
      "48"
    ],
    "46": [
      2,
      "96",
      "48",
      "48",
      "48"
    ],
    "47": [
      2,
      "144",
      "48",
      "48",
      "48"
    ],
    "48": [
      2,
      "0",
      "96",
      "48",
      "48"
    ],
    "100": [
      3,
      "0",
      "0",
      "32",
      "32"
    ],
    "101": [
      3,
      "0",
      "32",
      "32",
      "32"
    ],
    "102": [
      3,
      "0",
      "64",
      "32",
      "32"
    ],
    "103": [
      3,
      "0",
      "96",
      "32",
      "32"
    ],
    "104": [
      3,
      "0",
      "128",
      "32",
      "48"
    ],
    "105": [
      3,
      "0",
      "176",
      "32",
      "32"
    ],
    "106": [
      3,
      "0",
      "208",
      "32",
      "32"
    ],
    "107": [
      3,
      "0",
      "240",
      "32",
      "32"
    ],
    "108": [
      3,
      "0",
      "272",
      "32",
      "32"
    ],
    "109": [
      3,
      "0",
      "304",
      "32",
      "32"
    ],
    "110": [
      3,
      "0",
      "336",
      "32",
      "32"
    ],
    "111": [
      3,
      "0",
      "368",
      "32",
      "32"
    ],
    "112": [
      3,
      "0",
      "400",
      "32",
      "32"
    ],
    "113": [
      3,
      "0",
      "432",
      "32",
      "32"
    ],
    "114": [
      3,
      "0",
      "464",
      "32",
      "32"
    ],
    "115": [
      3,
      "0",
      "496",
      "32",
      "32"
    ],
    "116": [
      3,
      "0",
      "528",
      "32",
      "32"
    ],
    "200": [
      4,
      "0",
      "0",
      "32",
      "32"
    ],
    "201": [
      4,
      "32",
      "0",
      "32",
      "32"
    ],
    "202": [
      4,
      "64",
      "0",
      "32",
      "32"
    ],
    "203": [
      4,
      "96",
      "0",
      "32",
      "32"
    ],
    "204": [
      4,
      "0",
      "32",
      "32",
      "32"
    ],
    "205": [
      4,
      "32",
      "32",
      "32",
      "32"
    ],
    "206": [
      4,
      "64",
      "32",
      "32",
      "32"
    ],
    "207": [
      4,
      "96",
      "32",
      "32",
      "32"
    ],
    "208": [
      4,
      "0",
      "64",
      "32",
      "32"
    ],
    "209": [
      4,
      "32",
      "64",
      "32",
      "32"
    ],
    "210": [
      4,
      "64",
      "64",
      "32",
      "32"
    ],
    "211": [
      4,
      "96",
      "64",
      "32",
      "32"
    ],
    "212": [
      4,
      "0",
      "96",
      "32",
      "32"
    ],
    "213": [
      4,
      "32",
      "96",
      "32",
      "32"
    ],
    "214": [
      4,
      "64",
      "96",
      "32",
      "32"
    ],
    "215": [
      4,
      "96",
      "96",
      "32",
      "32"
    ],
    "216": [
      4,
      "0",
      "128",
      "32",
      "32"
    ],
    "217": [
      4,
      "32",
      "128",
      "32",
      "32"
    ],
    "218": [
      4,
      "64",
      "128",
      "32",
      "32"
    ],
    "219": [
      4,
      "96",
      "128",
      "32",
      "32"
    ],
    "220": [
      4,
      "0",
      "160",
      "32",
      "32"
    ],
    "221": [
      4,
      "32",
      "160",
      "32",
      "32"
    ],
    "222": [
      4,
      "64",
      "160",
      "32",
      "32"
    ],
    "223": [
      4,
      "96",
      "160",
      "32",
      "32"
    ],
    "224": [
      4,
      "0",
      "192",
      "32",
      "32"
    ],
    "225": [
      4,
      "32",
      "192",
      "32",
      "32"
    ],
    "226": [
      4,
      "64",
      "192",
      "32",
      "32"
    ],
    "227": [
      4,
      "96",
      "192",
      "32",
      "32"
    ],
    "228": [
      4,
      "0",
      "224",
      "32",
      "32"
    ],
    "229": [
      4,
      "32",
      "224",
      "32",
      "32"
    ],
    "230": [
      4,
      "64",
      "224",
      "32",
      "32"
    ],
    "231": [
      4,
      "96",
      "224",
      "32",
      "32"
    ],
    "232": [
      4,
      "0",
      "256",
      "32",
      "32"
    ],
    "233": [
      4,
      "32",
      "256",
      "32",
      "32"
    ],
    "234": [
      4,
      "64",
      "256",
      "32",
      "32"
    ],
    "235": [
      4,
      "96",
      "256",
      "32",
      "32"
    ],
    "236": [
      4,
      "0",
      "288",
      "32",
      "32"
    ],
    "237": [
      4,
      "32",
      "288",
      "32",
      "32"
    ],
    "238": [
      4,
      "64",
      "288",
      "32",
      "32"
    ],
    "239": [
      4,
      "96",
      "288",
      "32",
      "32"
    ],
    "240": [
      4,
      "0",
      "320",
      "32",
      "32"
    ],
    "241": [
      4,
      "32",
      "320",
      "32",
      "32"
    ],
    "242": [
      4,
      "64",
      "320",
      "32",
      "32"
    ],
    "243": [
      4,
      "96",
      "320",
      "32",
      "32"
    ],
    "244": [
      4,
      "0",
      "352",
      "32",
      "32"
    ],
    "245": [
      4,
      "32",
      "352",
      "32",
      "32"
    ],
    "246": [
      4,
      "64",
      "352",
      "32",
      "32"
    ],
    "247": [
      4,
      "96",
      "352",
      "32",
      "32"
    ],
    "248": [
      4,
      "0",
      "384",
      "32",
      "32"
    ],
    "249": [
      4,
      "32",
      "384",
      "32",
      "32"
    ],
    "250": [
      4,
      "64",
      "384",
      "32",
      "32"
    ],
    "251": [
      4,
      "96",
      "384",
      "32",
      "32"
    ],
    "252": [
      4,
      "0",
      "416",
      "32",
      "32"
    ],
    "253": [
      4,
      "32",
      "416",
      "32",
      "32"
    ],
    "254": [
      4,
      "64",
      "416",
      "32",
      "32"
    ],
    "255": [
      4,
      "96",
      "416",
      "32",
      "32"
    ],
    "256": [
      4,
      "0",
      "448",
      "32",
      "32"
    ],
    "257": [
      4,
      "32",
      "448",
      "32",
      "32"
    ],
    "258": [
      4,
      "64",
      "448",
      "32",
      "32"
    ],
    "259": [
      4,
      "96",
      "448",
      "32",
      "32"
    ],
    "260": [
      4,
      "0",
      "480",
      "32",
      "32"
    ],
    "261": [
      4,
      "32",
      "480",
      "32",
      "32"
    ],
    "262": [
      4,
      "64",
      "480",
      "32",
      "32"
    ],
    "263": [
      4,
      "96",
      "480",
      "32",
      "32"
    ],
    "264": [
      4,
      "0",
      "512",
      "32",
      "32"
    ],
    "265": [
      4,
      "32",
      "512",
      "32",
      "32"
    ],
    "266": [
      4,
      "64",
      "512",
      "32",
      "32"
    ],
    "267": [
      4,
      "96",
      "512",
      "32",
      "32"
    ],
    "268": [
      4,
      "0",
      "544",
      "32",
      "32"
    ],
    "269": [
      4,
      "32",
      "544",
      "32",
      "32"
    ],
    "270": [
      4,
      "64",
      "544",
      "32",
      "32"
    ],
    "271": [
      4,
      "96",
      "544",
      "32",
      "32"
    ],
    "272": [
      4,
      "0",
      "576",
      "32",
      "32"
    ],
    "273": [
      4,
      "32",
      "576",
      "32",
      "32"
    ],
    "274": [
      4,
      "64",
      "576",
      "32",
      "32"
    ],
    "275": [
      4,
      "96",
      "576",
      "32",
      "32"
    ],
    "276": [
      4,
      "0",
      "608",
      "32",
      "32"
    ],
    "277": [
      4,
      "32",
      "608",
      "32",
      "32"
    ],
    "278": [
      4,
      "64",
      "608",
      "32",
      "32"
    ],
    "279": [
      4,
      "96",
      "608",
      "32",
      "32"
    ],
    "280": [
      4,
      "0",
      "640",
      "32",
      "32"
    ],
    "281": [
      4,
      "32",
      "640",
      "32",
      "32"
    ],
    "282": [
      4,
      "64",
      "640",
      "32",
      "32"
    ],
    "283": [
      4,
      "96",
      "640",
      "32",
      "32"
    ],
    "284": [
      4,
      "0",
      "672",
      "32",
      "48"
    ],
    "285": [
      4,
      "32",
      "672",
      "48",
      "32"
    ]
  },
  "animationFrames": [
    {
      "up": [
        [
          0,
          12,
          36
        ],
        [
          10,
          36,
          18
        ],
        [
          216,
          8,
          16
        ],
        [
          100,
          8,
          4
        ],
        [
          40,
          0,
          -14
        ]
      ],
      "left": [
        [
          0,
          12,
          36
        ],
        [
          11,
          6,
          14
        ],
        [
          217,
          12,
          16
        ],
        [
          101,
          12,
          0
        ],
        [
          41,
          0,
          -18
        ]
      ],
      "down": [
        [
          0,
          12,
          36
        ],
        [
          218,
          8,
          16
        ],
        [
          102,
          8,
          2
        ],
        [
          42,
          0,
          -16
        ],
        [
          12,
          8,
          26
        ]
      ],
      "right": [
        [
          0,
          12,
          36
        ],
        [
          13,
          34,
          14
        ],
        [
          219,
          2,
          16
        ],
        [
          103,
          4,
          0
        ],
        [
          43,
          0,
          -18
        ]
      ],
      "playsound": [
        "steps2.wav",
        "1.5",
        "2"
      ]
    },
    {
      "up": [
        [
          0,
          12,
          36
        ],
        [
          10,
          36,
          14
        ],
        [
          220,
          8,
          17
        ],
        [
          100,
          8,
          0
        ],
        [
          40,
          0,
          -18
        ]
      ],
      "left": [
        [
          0,
          12,
          36
        ],
        [
          11,
          6,
          14
        ],
        [
          221,
          10,
          16
        ],
        [
          101,
          12,
          2
        ],
        [
          41,
          0,
          -16
        ]
      ],
      "down": [
        [
          0,
          12,
          36
        ],
        [
          222,
          8,
          20
        ],
        [
          102,
          8,
          0
        ],
        [
          42,
          0,
          -18
        ],
        [
          12,
          8,
          22
        ]
      ],
      "right": [
        [
          0,
          12,
          36
        ],
        [
          13,
          34,
          14
        ],
        [
          223,
          4,
          16
        ],
        [
          103,
          4,
          2
        ],
        [
          43,
          0,
          -16
        ]
      ]
    },
    {
      "up": [
        [
          0,
          12,
          36
        ],
        [
          10,
          36,
          18
        ],
        [
          216,
          8,
          16
        ],
        [
          100,
          8,
          4
        ],
        [
          40,
          0,
          -14
        ]
      ],
      "left": [
        [
          0,
          12,
          36
        ],
        [
          11,
          6,
          14
        ],
        [
          217,
          12,
          16
        ],
        [
          101,
          12,
          0
        ],
        [
          41,
          0,
          -18
        ]
      ],
      "down": [
        [
          0,
          12,
          36
        ],
        [
          218,
          8,
          16
        ],
        [
          102,
          8,
          2
        ],
        [
          42,
          0,
          -16
        ],
        [
          12,
          8,
          26
        ]
      ],
      "right": [
        [
          0,
          12,
          36
        ],
        [
          13,
          34,
          14
        ],
        [
          219,
          2,
          16
        ],
        [
          103,
          4,
          0
        ],
        [
          43,
          0,
          -18
        ]
      ]
    },
    {
      "up": [
        [
          0,
          12,
          36
        ],
        [
          10,
          36,
          14
        ],
        [
          212,
          8,
          17
        ],
        [
          100,
          8,
          4
        ],
        [
          40,
          0,
          -14
        ]
      ],
      "left": [
        [
          0,
          12,
          36
        ],
        [
          11,
          6,
          16
        ],
        [
          213,
          12,
          18
        ],
        [
          101,
          12,
          2
        ],
        [
          41,
          0,
          -16
        ]
      ],
      "down": [
        [
          0,
          12,
          36
        ],
        [
          214,
          8,
          16
        ],
        [
          102,
          8,
          4
        ],
        [
          42,
          0,
          -14
        ],
        [
          12,
          8,
          28
        ]
      ],
      "right": [
        [
          0,
          12,
          36
        ],
        [
          13,
          34,
          16
        ],
        [
          215,
          2,
          18
        ],
        [
          103,
          4,
          2
        ],
        [
          43,
          0,
          -16
        ]
      ]
    },
    {
      "up": [
        [
          0,
          12,
          36
        ],
        [
          10,
          36,
          16
        ],
        [
          208,
          8,
          16
        ],
        [
          100,
          8,
          2
        ],
        [
          40,
          0,
          -16
        ]
      ],
      "left": [
        [
          0,
          12,
          36
        ],
        [
          11,
          6,
          14
        ],
        [
          209,
          12,
          14
        ],
        [
          101,
          12,
          0
        ],
        [
          41,
          0,
          -18
        ]
      ],
      "down": [
        [
          0,
          12,
          36
        ],
        [
          210,
          8,
          16
        ],
        [
          102,
          8,
          2
        ],
        [
          42,
          0,
          -16
        ],
        [
          12,
          8,
          26
        ]
      ],
      "right": [
        [
          0,
          12,
          36
        ],
        [
          13,
          34,
          14
        ],
        [
          211,
          2,
          14
        ],
        [
          103,
          4,
          0
        ],
        [
          43,
          0,
          -18
        ]
      ],
      "playsound": [
        "steps2.wav",
        "1.5",
        "2"
      ]
    },
    {
      "up": [
        [
          0,
          12,
          36
        ],
        [
          10,
          36,
          14
        ],
        [
          204,
          8,
          15
        ],
        [
          100,
          8,
          0
        ],
        [
          40,
          0,
          -18
        ]
      ],
      "left": [
        [
          0,
          12,
          36
        ],
        [
          11,
          6,
          12
        ],
        [
          205,
          10,
          16
        ],
        [
          101,
          10,
          0
        ],
        [
          41,
          -2,
          -18
        ]
      ],
      "down": [
        [
          0,
          12,
          36
        ],
        [
          206,
          8,
          14
        ],
        [
          102,
          8,
          0
        ],
        [
          42,
          0,
          -18
        ],
        [
          12,
          8,
          22
        ]
      ],
      "right": [
        [
          0,
          12,
          36
        ],
        [
          13,
          34,
          12
        ],
        [
          207,
          4,
          16
        ],
        [
          103,
          6,
          0
        ],
        [
          43,
          2,
          -18
        ]
      ]
    },
    {
      "up": [
        [
          0,
          12,
          36
        ],
        [
          10,
          36,
          16
        ],
        [
          208,
          8,
          16
        ],
        [
          100,
          8,
          2
        ],
        [
          40,
          0,
          -16
        ]
      ],
      "left": [
        [
          0,
          12,
          36
        ],
        [
          11,
          6,
          14
        ],
        [
          209,
          12,
          14
        ],
        [
          101,
          12,
          0
        ],
        [
          41,
          0,
          -18
        ]
      ],
      "down": [
        [
          0,
          12,
          36
        ],
        [
          210,
          8,
          16
        ],
        [
          102,
          8,
          2
        ],
        [
          42,
          0,
          -16
        ],
        [
          12,
          8,
          26
        ]
      ],
      "right": [
        [
          0,
          12,
          36
        ],
        [
          13,
          34,
          14
        ],
        [
          211,
          2,
          14
        ],
        [
          103,
          4,
          0
        ],
        [
          43,
          0,
          -18
        ]
      ]
    },
    {
      "up": [
        [
          0,
          12,
          36
        ],
        [
          10,
          36,
          14
        ],
        [
          212,
          8,
          16
        ],
        [
          100,
          8,
          4
        ],
        [
          40,
          0,
          -14
        ]
      ],
      "left": [
        [
          0,
          12,
          36
        ],
        [
          11,
          6,
          16
        ],
        [
          213,
          12,
          18
        ],
        [
          101,
          12,
          2
        ],
        [
          41,
          0,
          -16
        ]
      ],
      "down": [
        [
          0,
          12,
          36
        ],
        [
          214,
          8,
          16
        ],
        [
          102,
          8,
          4
        ],
        [
          42,
          0,
          -14
        ],
        [
          12,
          8,
          28
        ]
      ],
      "right": [
        [
          0,
          12,
          36
        ],
        [
          13,
          34,
          16
        ],
        [
          215,
          2,
          18
        ],
        [
          103,
          4,
          2
        ],
        [
          43,
          0,
          -16
        ]
      ]
    },
    {}
  ]
}